2026-07-09T11:41:21.520479Z  INFO herdr::api::server: api server listening path=/home/anastasiac/.config/herdr/herdr.sock
2026-07-09T11:41:21.521378Z  INFO herdr::app: using pane scrollback configuration pane_scrollback_limit_bytes=10000000
2026-07-09T11:41:21.541218Z  INFO herdr::logging: checking for updates event="update.check.start" subsystem="update" outcome="started"
2026-07-09T11:41:21.542403Z  INFO herdr::logging: spawning pane terminal event="pane.spawn.start" subsystem="pane" outcome="started" pane_id=1 rows=24 cols=80 scrollback_limit_bytes=10000000
2026-07-09T11:41:21.543066Z  INFO herdr::logging: pane child spawned event="pane.spawned" subsystem="pane" outcome="ok" pane_id=1 pid=140945
2026-07-09T11:41:21.543192Z  INFO herdr::logging: workspace created event="workspace.create" subsystem="workspace" outcome="ok" workspace_id="w1" pane_id=1
2026-07-09T11:41:21.543198Z  INFO herdr::logging: workspace focused event="workspace.focus" subsystem="workspace" outcome="ok" workspace_id="w1"
2026-07-09T11:41:21.543210Z  INFO herdr::logging: tab focused event="tab.focus" subsystem="tab" outcome="ok" workspace_id="w1" tab_id="w1:t1"
2026-07-09T11:41:21.543216Z  INFO herdr::server::headless: created startup workspace cwd=/home/anastasiac
2026-07-09T11:41:21.543254Z  INFO herdr::server::headless: client protocol socket listening path=/home/anastasiac/.config/herdr/herdr-client.sock
2026-07-09T11:41:21.543266Z  INFO herdr::server::headless: herdr server started api_socket=/home/anastasiac/.config/herdr/herdr.sock client_socket=/home/anastasiac/.config/herdr/herdr-client.sock
2026-07-09T11:41:21.543277Z  INFO herdr::logging: herdr starting event="app.startup" subsystem="server" outcome="started" pid=140913
2026-07-09T11:41:21.577282Z  INFO herdr::server::headless: client connected client_id=2 cols=281 rows=68 cell_width_px=0 cell_height_px=0 render_encoding=SemanticFrame
2026-07-09T11:41:26.544350Z  INFO herdr::logging: session saved event="persist.save" subsystem="persist" outcome="ok" path=/home/anastasiac/.config/herdr/session.json workspaces=1
2026-07-09T11:41:28.893699Z  INFO herdr::logging: pane child exited event="pane.exit" subsystem="pane" outcome="completed" pane_id=1 status="ExitStatus { code: 127, signal: None }"
2026-07-09T11:41:28.894070Z  INFO herdr::pane: pane session terminated pane=1 pid=140945 signal=Hangup
2026-07-09T11:41:28.894288Z  INFO herdr::logging: spawning pane terminal event="pane.spawn.start" subsystem="pane" outcome="started" pane_id=2 rows=67 cols=255 scrollback_limit_bytes=10000000
2026-07-09T11:41:28.895150Z  INFO herdr::logging: pane child spawned event="pane.spawned" subsystem="pane" outcome="ok" pane_id=2 pid=141051
2026-07-09T11:41:28.895235Z  INFO herdr::logging: workspace created event="workspace.create" subsystem="workspace" outcome="ok" workspace_id="w2" pane_id=2
2026-07-09T11:41:28.895239Z  INFO herdr::logging: workspace focused event="workspace.focus" subsystem="workspace" outcome="ok" workspace_id="w2"
2026-07-09T11:41:28.895245Z  INFO herdr::logging: tab focused event="tab.focus" subsystem="tab" outcome="ok" workspace_id="w2" tab_id="w2:t1"
2026-07-09T11:41:32.624972Z  INFO herdr::server::headless: client detach requested via keybind client_id=2
2026-07-09T11:41:32.627952Z  INFO herdr::server::headless: client disconnected client_id=2
2026-07-09T11:41:33.897087Z  INFO herdr::logging: session saved event="persist.save" subsystem="persist" outcome="ok" path=/home/anastasiac/.config/herdr/session.json workspaces=1
2026-07-09T11:41:39.159521Z  INFO herdr::server::headless: server shutdown initiated
2026-07-09T11:41:39.209602Z  INFO herdr::server::headless: completing server shutdown
2026-07-09T11:41:39.209893Z  INFO herdr::logging: session saved event="persist.save" subsystem="persist" outcome="ok" path=/home/anastasiac/.config/herdr/session.json workspaces=1
2026-07-09T11:41:39.209901Z  INFO herdr::server::headless: headless server exiting
2026-07-09T11:41:39.214550Z  INFO herdr::logging: pane child exited event="pane.exit" subsystem="pane" outcome="completed" pane_id=2 status="ExitStatus { code: 1, signal: Some(\"Hangup\") }"
2026-07-09T11:41:39.214772Z  INFO herdr::pane: pane session terminated pane=2 pid=141051 signal=Hangup
2026-07-09T11:41:39.215642Z  INFO herdr::logging: herdr exiting event="app.shutdown" subsystem="server" outcome="completed" pid=140913
2026-07-09T11:42:19.605715Z  INFO herdr::api::server: api server listening path=/home/anastasiac/.config/herdr/herdr.sock
2026-07-09T11:42:19.606784Z  INFO herdr::logging: spawning pane terminal event="pane.spawn.start" subsystem="pane" outcome="started" pane_id=1 rows=24 cols=80 scrollback_limit_bytes=10000000
2026-07-09T11:42:19.607414Z  INFO herdr::logging: pane child spawned event="pane.spawned" subsystem="pane" outcome="ok" pane_id=1 pid=141342
2026-07-09T11:42:19.607560Z  INFO herdr::logging: session restore evaluated event="persist.restore" subsystem="persist" outcome="ok" workspaces=1
2026-07-09T11:42:19.607570Z  INFO herdr::app: using pane scrollback configuration pane_scrollback_limit_bytes=10000000
2026-07-09T11:42:19.636473Z  INFO herdr::logging: checking for updates event="update.check.start" subsystem="update" outcome="started"
2026-07-09T11:42:19.637580Z  INFO herdr::server::headless: restored session already has workspaces; ignoring startup cwd cwd=/home/anastasiac
2026-07-09T11:42:19.637633Z  INFO herdr::server::headless: client protocol socket listening path=/home/anastasiac/.config/herdr/herdr-client.sock
2026-07-09T11:42:19.637647Z  INFO herdr::server::headless: herdr server started api_socket=/home/anastasiac/.config/herdr/herdr.sock client_socket=/home/anastasiac/.config/herdr/herdr-client.sock
2026-07-09T11:42:19.637658Z  INFO herdr::logging: herdr starting event="app.startup" subsystem="server" outcome="started" pid=141316
2026-07-09T11:42:19.907122Z  INFO herdr::server::headless: client connected client_id=2 cols=281 rows=68 cell_width_px=0 cell_height_px=0 render_encoding=SemanticFrame
2026-07-09T11:42:33.305436Z  INFO herdr::server::headless: client detach requested via keybind client_id=2
2026-07-09T11:42:33.307620Z  INFO herdr::server::headless: client disconnected client_id=2
2026-07-09T11:43:39.358690Z  INFO herdr::server::headless: client connected client_id=4 cols=281 rows=68 cell_width_px=0 cell_height_px=0 render_encoding=SemanticFrame
2026-07-09T11:43:43.373673Z  INFO herdr::logging: workspace closed event="workspace.close" subsystem="workspace" outcome="ok" workspace_id="w2"
2026-07-09T11:43:43.377556Z  INFO herdr::logging: pane child exited event="pane.exit" subsystem="pane" outcome="completed" pane_id=1 status="ExitStatus { code: 1, signal: Some(\"Hangup\") }"
2026-07-09T11:43:43.397135Z  INFO herdr::pane: pane session terminated pane=1 pid=141342 signal=Hangup
2026-07-09T11:43:43.397425Z  WARN herdr::app::actions: PaneDied for unknown pane pane=1
2026-07-09T11:43:43.397474Z  INFO herdr::logging: spawning pane terminal event="pane.spawn.start" subsystem="pane" outcome="started" pane_id=2 rows=67 cols=255 scrollback_limit_bytes=10000000
2026-07-09T11:43:43.398421Z  INFO herdr::logging: pane child spawned event="pane.spawned" subsystem="pane" outcome="ok" pane_id=2 pid=141868
2026-07-09T11:43:43.398540Z  INFO herdr::logging: workspace created event="workspace.create" subsystem="workspace" outcome="ok" workspace_id="w3" pane_id=2
2026-07-09T11:43:43.398544Z  INFO herdr::logging: workspace focused event="workspace.focus" subsystem="workspace" outcome="ok" workspace_id="w3"
2026-07-09T11:43:43.398549Z  INFO herdr::logging: tab focused event="tab.focus" subsystem="tab" outcome="ok" workspace_id="w3" tab_id="w3:t1"
2026-07-09T11:43:45.594795Z  INFO herdr::server::headless: client detach requested via keybind client_id=4
2026-07-09T11:43:45.597104Z  INFO herdr::server::headless: client disconnected client_id=4
2026-07-09T11:43:48.404729Z  INFO herdr::logging: session saved event="persist.save" subsystem="persist" outcome="ok" path=/home/anastasiac/.config/herdr/session.json workspaces=1
2026-07-09T11:43:50.642678Z  INFO herdr::server::headless: server shutdown initiated
2026-07-09T11:43:50.692765Z  INFO herdr::server::headless: completing server shutdown
2026-07-09T11:43:50.693017Z  INFO herdr::logging: session saved event="persist.save" subsystem="persist" outcome="ok" path=/home/anastasiac/.config/herdr/session.json workspaces=1
2026-07-09T11:43:50.693027Z  INFO herdr::server::headless: headless server exiting
2026-07-09T11:43:50.693875Z  INFO herdr::logging: pane child exited event="pane.exit" subsystem="pane" outcome="completed" pane_id=2 status="ExitStatus { code: 1, signal: Some(\"Hangup\") }"
2026-07-09T11:43:50.697486Z  INFO herdr::pane: pane session terminated pane=2 pid=141868 signal=Hangup
2026-07-09T11:43:50.698293Z  INFO herdr::logging: herdr exiting event="app.shutdown" subsystem="server" outcome="completed" pid=141316
2026-07-09T11:43:51.772486Z  INFO herdr::api::server: api server listening path=/home/anastasiac/.config/herdr/herdr.sock
2026-07-09T11:43:51.773430Z  INFO herdr::logging: spawning pane terminal event="pane.spawn.start" subsystem="pane" outcome="started" pane_id=1 rows=24 cols=80 scrollback_limit_bytes=10000000
2026-07-09T11:43:51.774023Z  INFO herdr::logging: pane child spawned event="pane.spawned" subsystem="pane" outcome="ok" pane_id=1 pid=141961
2026-07-09T11:43:51.774160Z  INFO herdr::logging: session restore evaluated event="persist.restore" subsystem="persist" outcome="ok" workspaces=1
2026-07-09T11:43:51.774179Z  INFO herdr::app: using pane scrollback configuration pane_scrollback_limit_bytes=10000000
2026-07-09T11:43:51.804382Z  INFO herdr::logging: checking for updates event="update.check.start" subsystem="update" outcome="started"
2026-07-09T11:43:51.805377Z  INFO herdr::server::headless: restored session already has workspaces; ignoring startup cwd cwd=/home/anastasiac
2026-07-09T11:43:51.805439Z  INFO herdr::server::headless: client protocol socket listening path=/home/anastasiac/.config/herdr/herdr-client.sock
2026-07-09T11:43:51.805458Z  INFO herdr::server::headless: herdr server started api_socket=/home/anastasiac/.config/herdr/herdr.sock client_socket=/home/anastasiac/.config/herdr/herdr-client.sock
2026-07-09T11:43:51.805488Z  INFO herdr::logging: herdr starting event="app.startup" subsystem="server" outcome="started" pid=141935
2026-07-09T11:43:51.906472Z  INFO herdr::server::headless: client connected client_id=2 cols=281 rows=68 cell_width_px=0 cell_height_px=0 render_encoding=SemanticFrame
2026-07-09T11:44:03.615806Z  INFO herdr::server::headless: client detach requested via keybind client_id=2
2026-07-09T11:44:03.618201Z  INFO herdr::server::headless: client disconnected client_id=2
2026-07-09T12:03:09.111434Z  INFO herdr::server::headless: client connected client_id=4 cols=281 rows=68 cell_width_px=0 cell_height_px=0 render_encoding=SemanticFrame
2026-07-09T12:03:35.595726Z  INFO herdr::logging: spawning pane terminal event="pane.spawn.start" subsystem="pane" outcome="started" pane_id=2 rows=67 cols=255 scrollback_limit_bytes=10000000
2026-07-09T12:03:35.596719Z  INFO herdr::logging: pane child spawned event="pane.spawned" subsystem="pane" outcome="ok" pane_id=2 pid=145431
2026-07-09T12:03:35.596852Z  INFO herdr::logging: workspace created event="workspace.create" subsystem="workspace" outcome="ok" workspace_id="w4" pane_id=2
2026-07-09T12:03:35.596856Z  INFO herdr::logging: workspace focused event="workspace.focus" subsystem="workspace" outcome="ok" workspace_id="w4"
2026-07-09T12:03:35.596864Z  INFO herdr::logging: tab focused event="tab.focus" subsystem="tab" outcome="ok" workspace_id="w4" tab_id="w4:t1"
2026-07-09T12:03:38.235384Z  INFO herdr::logging: spawning pane terminal event="pane.spawn.start" subsystem="pane" outcome="started" pane_id=3 rows=67 cols=255 scrollback_limit_bytes=10000000
2026-07-09T12:03:38.236358Z  INFO herdr::logging: pane child spawned event="pane.spawned" subsystem="pane" outcome="ok" pane_id=3 pid=145508
2026-07-09T12:03:38.236494Z  INFO herdr::logging: workspace created event="workspace.create" subsystem="workspace" outcome="ok" workspace_id="w5" pane_id=3
2026-07-09T12:03:38.236498Z  INFO herdr::logging: workspace focused event="workspace.focus" subsystem="workspace" outcome="ok" workspace_id="w5"
2026-07-09T12:03:38.236507Z  INFO herdr::logging: tab focused event="tab.focus" subsystem="tab" outcome="ok" workspace_id="w5" tab_id="w5:t1"
2026-07-09T12:03:40.384881Z  INFO herdr::logging: workspace focused event="workspace.focus" subsystem="workspace" outcome="ok" workspace_id="w4"
2026-07-09T12:03:40.384899Z  INFO herdr::logging: tab focused event="tab.focus" subsystem="tab" outcome="ok" workspace_id="w4" tab_id="w4:t1"
2026-07-09T12:03:40.831040Z  INFO herdr::logging: workspace focused event="workspace.focus" subsystem="workspace" outcome="ok" workspace_id="w3"
2026-07-09T12:03:40.831061Z  INFO herdr::logging: tab focused event="tab.focus" subsystem="tab" outcome="ok" workspace_id="w3" tab_id="w3:t1"
2026-07-09T12:03:45.832404Z  INFO herdr::logging: session saved event="persist.save" subsystem="persist" outcome="ok" path=/home/anastasiac/.config/herdr/session.json workspaces=3
2026-07-09T12:07:43.593004Z  INFO herdr::server::headless: client disconnected client_id=4
2026-07-09T12:07:45.100128Z  INFO herdr::server::headless: client connected client_id=6 cols=281 rows=68 cell_width_px=0 cell_height_px=0 render_encoding=SemanticFrame
2026-07-09T12:11:04.420424Z  INFO herdr::server::headless: client disconnected client_id=6
2026-07-09T12:11:06.178792Z  INFO herdr::server::headless: client connected client_id=8 cols=281 rows=68 cell_width_px=0 cell_height_px=0 render_encoding=SemanticFrame
2026-07-09T12:11:17.675187Z  INFO herdr::logging: pane child exited event="pane.exit" subsystem="pane" outcome="completed" pane_id=1 status="ExitStatus { code: 0, signal: None }"
2026-07-09T12:11:17.675240Z  INFO herdr::pane: pane session terminated pane=1 pid=141961 signal=Hangup
2026-07-09T12:11:22.676480Z  INFO herdr::logging: session saved event="persist.save" subsystem="persist" outcome="ok" path=/home/anastasiac/.config/herdr/session.json workspaces=2
2026-07-09T12:11:28.582926Z  INFO herdr::server::headless: client detach requested via keybind client_id=8
2026-07-09T12:11:28.585314Z  INFO herdr::server::headless: client disconnected client_id=8
2026-07-09T12:11:32.331447Z  INFO herdr::server::headless: server shutdown initiated
2026-07-09T12:11:32.381531Z  INFO herdr::server::headless: completing server shutdown
2026-07-09T12:11:32.381770Z  INFO herdr::logging: session saved event="persist.save" subsystem="persist" outcome="ok" path=/home/anastasiac/.config/herdr/session.json workspaces=2
2026-07-09T12:11:32.381783Z  INFO herdr::server::headless: headless server exiting
2026-07-09T12:11:32.383148Z  INFO herdr::logging: pane child exited event="pane.exit" subsystem="pane" outcome="completed" pane_id=3 status="ExitStatus { code: 1, signal: Some(\"Hangup\") }"
2026-07-09T12:11:32.386501Z  INFO herdr::pane: pane session terminated pane=3 pid=145508 signal=Hangup
2026-07-09T12:11:32.387684Z  INFO herdr::logging: pane child exited event="pane.exit" subsystem="pane" outcome="completed" pane_id=2 status="ExitStatus { code: 1, signal: Some(\"Hangup\") }"
2026-07-09T12:11:32.390090Z  INFO herdr::pane: pane session terminated pane=2 pid=145431 signal=Hangup
2026-07-09T12:11:32.390817Z  INFO herdr::logging: herdr exiting event="app.shutdown" subsystem="server" outcome="completed" pid=141935
2026-07-09T12:11:35.469890Z  INFO herdr::api::server: api server listening path=/home/anastasiac/.config/herdr/herdr.sock
2026-07-09T12:11:35.470884Z  INFO herdr::logging: spawning pane terminal event="pane.spawn.start" subsystem="pane" outcome="started" pane_id=1 rows=24 cols=80 scrollback_limit_bytes=10000000
2026-07-09T12:11:35.471491Z  INFO herdr::logging: pane child spawned event="pane.spawned" subsystem="pane" outcome="ok" pane_id=1 pid=149239
2026-07-09T12:11:35.471659Z  INFO herdr::logging: spawning pane terminal event="pane.spawn.start" subsystem="pane" outcome="started" pane_id=2 rows=24 cols=80 scrollback_limit_bytes=10000000
2026-07-09T12:11:35.472210Z  INFO herdr::logging: pane child spawned event="pane.spawned" subsystem="pane" outcome="ok" pane_id=2 pid=149242
2026-07-09T12:11:35.472322Z  INFO herdr::logging: session restore evaluated event="persist.restore" subsystem="persist" outcome="ok" workspaces=2
2026-07-09T12:11:35.472331Z  INFO herdr::app: using pane scrollback configuration pane_scrollback_limit_bytes=10000000
2026-07-09T12:11:35.501352Z  INFO herdr::logging: checking for updates event="update.check.start" subsystem="update" outcome="started"
2026-07-09T12:11:35.502212Z  INFO herdr::server::headless: restored session already has workspaces; ignoring startup cwd cwd=/home/anastasiac
2026-07-09T12:11:35.502265Z  INFO herdr::server::headless: client protocol socket listening path=/home/anastasiac/.config/herdr/herdr-client.sock
2026-07-09T12:11:35.502280Z  INFO herdr::server::headless: herdr server started api_socket=/home/anastasiac/.config/herdr/herdr.sock client_socket=/home/anastasiac/.config/herdr/herdr-client.sock
2026-07-09T12:11:35.502292Z  INFO herdr::logging: herdr starting event="app.startup" subsystem="server" outcome="started" pid=149213
2026-07-09T12:11:35.603304Z  INFO herdr::server::headless: client connected client_id=2 cols=281 rows=68 cell_width_px=0 cell_height_px=0 render_encoding=SemanticFrame
2026-07-09T12:19:37.529466Z  INFO herdr::server::headless: client connected client_id=4 cols=281 rows=68 cell_width_px=0 cell_height_px=0 render_encoding=SemanticFrame
2026-07-09T12:19:41.957335Z  INFO herdr::server::headless: client disconnected client_id=4
2026-07-09T12:19:46.524118Z  INFO herdr::server::headless: client connected client_id=6 cols=281 rows=68 cell_width_px=0 cell_height_px=0 render_encoding=SemanticFrame
2026-07-09T12:19:46.524229Z  INFO herdr::server::headless: client connected client_id=8 cols=281 rows=68 cell_width_px=0 cell_height_px=0 render_encoding=SemanticFrame
2026-07-09T12:19:46.871134Z  INFO herdr::server::headless: client disconnected client_id=8
2026-07-09T12:19:47.075326Z  INFO herdr::server::headless: client disconnected client_id=6
2026-07-09T12:21:49.516067Z  INFO herdr::app::actions: copied selection to clipboard
2026-07-09T12:22:31.722156Z  INFO herdr::app::actions: copied selection to clipboard
2026-07-09T12:22:54.758660Z  INFO herdr::logging: spawning pane terminal event="pane.spawn.start" subsystem="pane" outcome="started" pane_id=3 rows=67 cols=255 scrollback_limit_bytes=10000000
2026-07-09T12:22:54.759676Z  INFO herdr::logging: pane child spawned event="pane.spawned" subsystem="pane" outcome="ok" pane_id=3 pid=163998
2026-07-09T12:22:54.759809Z  INFO herdr::logging: tab focused event="tab.focus" subsystem="tab" outcome="ok" workspace_id="w4" tab_id="w4:t2"
2026-07-09T12:22:59.767688Z  INFO herdr::logging: session saved event="persist.save" subsystem="persist" outcome="ok" path=/home/anastasiac/.config/herdr/session.json workspaces=2
2026-07-09T12:23:01.682233Z  INFO herdr::logging: tab focused event="tab.focus" subsystem="tab" outcome="ok" workspace_id="w4" tab_id="w4:t1"
2026-07-09T12:23:06.684606Z  INFO herdr::logging: session saved event="persist.save" subsystem="persist" outcome="ok" path=/home/anastasiac/.config/herdr/session.json workspaces=2
2026-07-09T12:23:31.693009Z  INFO herdr::logging: tab focused event="tab.focus" subsystem="tab" outcome="ok" workspace_id="w4" tab_id="w4:t2"
2026-07-09T12:23:34.081921Z  INFO herdr::logging: tab focused event="tab.focus" subsystem="tab" outcome="ok" workspace_id="w4" tab_id="w4:t1"
2026-07-09T12:23:39.084358Z  INFO herdr::logging: session saved event="persist.save" subsystem="persist" outcome="ok" path=/home/anastasiac/.config/herdr/session.json workspaces=2
2026-07-09T12:23:45.305214Z  INFO herdr::server::headless: client disconnected client_id=2
2026-07-09T12:23:52.588383Z  INFO herdr::server::headless: client connected client_id=10 cols=240 rows=33 cell_width_px=0 cell_height_px=0 render_encoding=SemanticFrame
2026-07-09T12:24:26.987756Z  WARN herdr::raw_input: flushing lone escape after input timeout; if this follows an alt chord or focus switch it may reach the pane as plain esc bytes=[27]
2026-07-09T12:24:31.008815Z  INFO herdr::server::headless: client disconnected client_id=10
2026-07-09T12:25:28.519378Z  INFO herdr::api::server: api server listening path=/home/anastasiac/.config/herdr/herdr.sock
2026-07-09T12:25:28.520688Z  INFO herdr::logging: spawning pane terminal event="pane.spawn.start" subsystem="pane" outcome="started" pane_id=1 rows=24 cols=80 scrollback_limit_bytes=10000000
2026-07-09T12:25:28.521236Z  INFO herdr::logging: pane child spawned event="pane.spawned" subsystem="pane" outcome="ok" pane_id=1 pid=1123
2026-07-09T12:25:28.521368Z  INFO herdr::logging: spawning pane terminal event="pane.spawn.start" subsystem="pane" outcome="started" pane_id=2 rows=24 cols=80 scrollback_limit_bytes=10000000
2026-07-09T12:25:28.521860Z  INFO herdr::logging: pane child spawned event="pane.spawned" subsystem="pane" outcome="ok" pane_id=2 pid=1126
2026-07-09T12:25:28.522002Z  INFO herdr::logging: spawning pane terminal event="pane.spawn.start" subsystem="pane" outcome="started" pane_id=3 rows=24 cols=80 scrollback_limit_bytes=10000000
2026-07-09T12:25:28.522557Z  INFO herdr::logging: pane child spawned event="pane.spawned" subsystem="pane" outcome="ok" pane_id=3 pid=1129
2026-07-09T12:25:28.522679Z  INFO herdr::logging: session restore evaluated event="persist.restore" subsystem="persist" outcome="ok" workspaces=2
2026-07-09T12:25:28.522689Z  INFO herdr::app: using pane scrollback configuration pane_scrollback_limit_bytes=10000000
2026-07-09T12:25:28.557849Z  INFO herdr::logging: checking for updates event="update.check.start" subsystem="update" outcome="started"
2026-07-09T12:25:28.559376Z  INFO herdr::server::headless: restored session already has workspaces; ignoring startup cwd cwd=/home/anastasiac
2026-07-09T12:25:28.559461Z  INFO herdr::server::headless: client protocol socket listening path=/home/anastasiac/.config/herdr/herdr-client.sock
2026-07-09T12:25:28.559476Z  INFO herdr::server::headless: herdr server started api_socket=/home/anastasiac/.config/herdr/herdr.sock client_socket=/home/anastasiac/.config/herdr/herdr-client.sock
2026-07-09T12:25:28.559488Z  INFO herdr::logging: herdr starting event="app.startup" subsystem="server" outcome="started" pid=1097
2026-07-09T12:25:28.661144Z  INFO herdr::server::headless: client connected client_id=2 cols=80 rows=25 cell_width_px=0 cell_height_px=0 render_encoding=SemanticFrame
2026-07-09T12:25:28.761393Z  INFO herdr::server::headless: client resize client_id=2 cols=240 rows=33 cell_width_px=0 cell_height_px=0
2026-07-09T12:26:11.093382Z  WARN herdr::raw_input: flushing lone escape after input timeout; if this follows an alt chord or focus switch it may reach the pane as plain esc bytes=[27]
2026-07-09T12:26:12.642104Z  WARN herdr::raw_input: flushing lone escape after input timeout; if this follows an alt chord or focus switch it may reach the pane as plain esc bytes=[27]
2026-07-09T12:26:16.062778Z  INFO herdr::logging: pane child exited event="pane.exit" subsystem="pane" outcome="completed" pane_id=1 status="ExitStatus { code: 0, signal: None }"
2026-07-09T12:26:16.063127Z  INFO herdr::pane: pane session terminated pane=1 pid=1123 signal=Hangup
2026-07-09T12:26:17.860609Z  INFO herdr::logging: pane child exited event="pane.exit" subsystem="pane" outcome="completed" pane_id=2 status="ExitStatus { code: 0, signal: None }"
2026-07-09T12:26:17.860892Z  INFO herdr::pane: pane session terminated pane=2 pid=1126 signal=Hangup
2026-07-09T12:26:21.776361Z  INFO herdr::logging: pane child exited event="pane.exit" subsystem="pane" outcome="completed" pane_id=3 status="ExitStatus { code: 0, signal: None }"
2026-07-09T12:26:21.776967Z  INFO herdr::pane: pane session terminated pane=3 pid=1129 signal=Hangup
2026-07-09T12:26:21.777146Z  INFO herdr::logging: spawning pane terminal event="pane.spawn.start" subsystem="pane" outcome="started" pane_id=4 rows=32 cols=214 scrollback_limit_bytes=10000000
2026-07-09T12:26:21.777951Z  INFO herdr::logging: pane child spawned event="pane.spawned" subsystem="pane" outcome="ok" pane_id=4 pid=1662
2026-07-09T12:26:21.778067Z  INFO herdr::logging: workspace created event="workspace.create" subsystem="workspace" outcome="ok" workspace_id="w6" pane_id=4
2026-07-09T12:26:21.778075Z  INFO herdr::logging: workspace focused event="workspace.focus" subsystem="workspace" outcome="ok" workspace_id="w6"
2026-07-09T12:26:21.778086Z  INFO herdr::logging: tab focused event="tab.focus" subsystem="tab" outcome="ok" workspace_id="w6" tab_id="w6:t1"
2026-07-09T12:26:26.779450Z  INFO herdr::logging: session saved event="persist.save" subsystem="persist" outcome="ok" path=/home/anastasiac/.config/herdr/session.json workspaces=1
2026-07-09T12:27:13.683702Z  INFO herdr::api::server: api server listening path=/home/anastasiac/.config/herdr/herdr.sock
2026-07-09T12:27:13.684907Z  INFO herdr::logging: spawning pane terminal event="pane.spawn.start" subsystem="pane" outcome="started" pane_id=1 rows=24 cols=80 scrollback_limit_bytes=10000000
2026-07-09T12:27:13.685509Z  INFO herdr::logging: pane child spawned event="pane.spawned" subsystem="pane" outcome="ok" pane_id=1 pid=1112
2026-07-09T12:27:13.685658Z  INFO herdr::logging: session restore evaluated event="persist.restore" subsystem="persist" outcome="ok" workspaces=1
2026-07-09T12:27:13.685667Z  INFO herdr::app: using pane scrollback configuration pane_scrollback_limit_bytes=10000000
2026-07-09T12:27:13.720190Z  INFO herdr::logging: checking for updates event="update.check.start" subsystem="update" outcome="started"
2026-07-09T12:27:13.721633Z  INFO herdr::server::headless: restored session already has workspaces; ignoring startup cwd cwd=/home/anastasiac
2026-07-09T12:27:13.721712Z  INFO herdr::server::headless: client protocol socket listening path=/home/anastasiac/.config/herdr/herdr-client.sock
2026-07-09T12:27:13.721727Z  INFO herdr::server::headless: herdr server started api_socket=/home/anastasiac/.config/herdr/herdr.sock client_socket=/home/anastasiac/.config/herdr/herdr-client.sock
2026-07-09T12:27:13.721737Z  INFO herdr::logging: herdr starting event="app.startup" subsystem="server" outcome="started" pid=1086
2026-07-09T12:27:13.823088Z  INFO herdr::server::headless: client connected client_id=2 cols=80 rows=25 cell_width_px=0 cell_height_px=0 render_encoding=SemanticFrame
2026-07-09T12:27:13.923375Z  INFO herdr::server::headless: client resize client_id=2 cols=240 rows=33 cell_width_px=0 cell_height_px=0
2026-07-09T12:27:16.741029Z  WARN herdr::detect::manifest_update: agent detection manifest update failed: failed to fetch https://herdr.dev/agent-detection/index.toml
2026-07-09T12:27:20.760519Z  WARN herdr::logging: update check failed event="update.check.complete" subsystem="update" outcome="error" err="failed to fetch update manifest"
2026-07-09T12:32:14.336020Z  INFO herdr::api::server: api server listening path=/home/anastasiac/.config/herdr/herdr.sock
2026-07-09T12:32:14.337208Z  INFO herdr::logging: spawning pane terminal event="pane.spawn.start" subsystem="pane" outcome="started" pane_id=1 rows=24 cols=80 scrollback_limit_bytes=10000000
2026-07-09T12:32:14.337750Z  INFO herdr::logging: pane child spawned event="pane.spawned" subsystem="pane" outcome="ok" pane_id=1 pid=1109
2026-07-09T12:32:14.337895Z  INFO herdr::logging: session restore evaluated event="persist.restore" subsystem="persist" outcome="ok" workspaces=1
2026-07-09T12:32:14.337903Z  INFO herdr::app: using pane scrollback configuration pane_scrollback_limit_bytes=10000000
2026-07-09T12:32:14.372534Z  INFO herdr::logging: checking for updates event="update.check.start" subsystem="update" outcome="started"
2026-07-09T12:32:14.374038Z  INFO herdr::server::headless: restored session already has workspaces; ignoring startup cwd cwd=/home/anastasiac
2026-07-09T12:32:14.374146Z  INFO herdr::server::headless: client protocol socket listening path=/home/anastasiac/.config/herdr/herdr-client.sock
2026-07-09T12:32:14.374161Z  INFO herdr::server::headless: herdr server started api_socket=/home/anastasiac/.config/herdr/herdr.sock client_socket=/home/anastasiac/.config/herdr/herdr-client.sock
2026-07-09T12:32:14.374171Z  INFO herdr::logging: herdr starting event="app.startup" subsystem="server" outcome="started" pid=1083
2026-07-09T12:32:14.475649Z  INFO herdr::server::headless: client connected client_id=2 cols=80 rows=25 cell_width_px=0 cell_height_px=0 render_encoding=SemanticFrame
2026-07-09T12:32:14.576043Z  INFO herdr::server::headless: client resize client_id=2 cols=240 rows=33 cell_width_px=0 cell_height_px=0
2026-07-09T13:02:14.374424Z  INFO herdr::logging: checking for updates event="update.check.start" subsystem="update" outcome="started"
2026-07-09T13:09:29.166545Z  INFO herdr::logging: pane child exited event="pane.exit" subsystem="pane" outcome="completed" pane_id=1 status="ExitStatus { code: 0, signal: None }"
2026-07-09T13:09:29.166600Z  INFO herdr::pane: pane session terminated pane=1 pid=1109 signal=Hangup
2026-07-09T13:09:29.166656Z  INFO herdr::logging: spawning pane terminal event="pane.spawn.start" subsystem="pane" outcome="started" pane_id=2 rows=32 cols=214 scrollback_limit_bytes=10000000
2026-07-09T13:09:29.167508Z  INFO herdr::logging: pane child spawned event="pane.spawned" subsystem="pane" outcome="ok" pane_id=2 pid=4802
2026-07-09T13:09:29.167636Z  INFO herdr::logging: workspace created event="workspace.create" subsystem="workspace" outcome="ok" workspace_id="w7" pane_id=2
2026-07-09T13:09:29.167640Z  INFO herdr::logging: workspace focused event="workspace.focus" subsystem="workspace" outcome="ok" workspace_id="w7"
2026-07-09T13:09:29.167644Z  INFO herdr::logging: tab focused event="tab.focus" subsystem="tab" outcome="ok" workspace_id="w7" tab_id="w7:t1"
2026-07-09T13:09:34.183380Z  INFO herdr::logging: session saved event="persist.save" subsystem="persist" outcome="ok" path=/home/anastasiac/.config/herdr/session.json workspaces=1
2026-07-13T13:15:54.379484Z  INFO herdr::api::server: api server listening path=/home/anastasiac/.config/herdr/herdr.sock
2026-07-13T13:15:54.381042Z  INFO herdr::logging: spawning pane terminal event="pane.spawn.start" subsystem="pane" outcome="started" pane_id=1 rows=24 cols=80 scrollback_limit_bytes=10000000
2026-07-13T13:15:54.381712Z  INFO herdr::logging: pane child spawned event="pane.spawned" subsystem="pane" outcome="ok" pane_id=1 pid=69344
2026-07-13T13:15:54.381848Z  INFO herdr::logging: session restore evaluated event="persist.restore" subsystem="persist" outcome="ok" workspaces=1
2026-07-13T13:15:54.381862Z  INFO herdr::app: using pane scrollback configuration pane_scrollback_limit_bytes=10000000
2026-07-13T13:15:54.411347Z  INFO herdr::logging: checking for updates event="update.check.start" subsystem="update" outcome="started"
2026-07-13T13:15:54.412378Z  INFO herdr::server::headless: restored session already has workspaces; ignoring startup cwd cwd=/home/anastasiac/.local/share/chezmoi
2026-07-13T13:15:54.412448Z  INFO herdr::server::headless: client protocol socket listening path=/home/anastasiac/.config/herdr/herdr-client.sock
2026-07-13T13:15:54.412460Z  INFO herdr::server::headless: herdr server started api_socket=/home/anastasiac/.config/herdr/herdr.sock client_socket=/home/anastasiac/.config/herdr/herdr-client.sock
2026-07-13T13:15:54.412471Z  INFO herdr::logging: herdr starting event="app.startup" subsystem="server" outcome="started" pid=69318
2026-07-13T13:15:54.513842Z  INFO herdr::server::headless: client connected client_id=2 cols=281 rows=68 cell_width_px=0 cell_height_px=0 render_encoding=SemanticFrame
2026-07-13T13:15:54.704675Z  WARN herdr::detect::manifest_update: skipping unknown remote manifest agent agent="maki"
